2026-10-03T12:22:18.886-03:00  INFO 19196 --- [steamx-backend] [main] a.c.s.i.videos.VideosIntegrationTest     : Starting VideosIntegrationTest using Java 21.0.10 with PID 19196 (started by ivans in C:\Users\ivans\Desktop\padre-projects\Streaming-Video-Back-End)
2026-10-03T12:22:18.888-03:00  INFO 19196 --- [steamx-backend] [main] a.c.s.i.videos.VideosIntegrationTest     : No active profile set, falling back to 1 default profile: "default"
2026-10-03T12:22:22.459-03:00  INFO 19196 --- [steamx-backend] [main] o.s.b.t.m.w.SpringBootMockServletContext : Initializing Spring TestDispatcherServlet ''
2026-10-03T12:22:22.460-03:00  INFO 19196 --- [steamx-backend] [main] o.s.t.web.servlet.TestDispatcherServlet  : Initializing Servlet ''
2026-10-03T12:22:22.463-03:00  INFO 19196 --- [steamx-backend] [main] o.s.t.web.servlet.TestDispatcherServlet  : Completed initialization in 2 ms
2026-10-03T12:22:22.625-03:00  INFO 19196 --- [steamx-backend] [main] a.c.s.i.videos.VideosIntegrationTest     : Started VideosIntegrationTest in 4.3 seconds (process running for 6.39)
2026-10-03T12:23:22.321-03:00  INFO 18052 --- [steamx-backend] [main] a.c.s.i.videos.VideosIntegrationTest     : Starting VideosIntegrationTest using Java 21.0.10 with PID 18052 (started by ivans in C:\Users\ivans\Desktop\padre-projects\Streaming-Video-Back-End)
2026-10-03T12:23:22.323-03:00  INFO 18052 --- [steamx-backend] [main] a.c.s.i.videos.VideosIntegrationTest     : No active profile set, falling back to 1 default profile: "default"
2026-10-03T12:23:24.958-03:00  INFO 18052 --- [steamx-backend] [main] o.s.b.t.m.w.SpringBootMockServletContext : Initializing Spring TestDispatcherServlet ''
2026-10-03T12:23:24.959-03:00  INFO 18052 --- [steamx-backend] [main] o.s.t.web.servlet.TestDispatcherServlet  : Initializing Servlet ''
2026-10-03T12:23:24.962-03:00  INFO 18052 --- [steamx-backend] [main] o.s.t.web.servlet.TestDispatcherServlet  : Completed initialization in 3 ms
2026-10-03T12:23:25.108-03:00  INFO 18052 --- [steamx-backend] [main] a.c.s.i.videos.VideosIntegrationTest     : Started VideosIntegrationTest in 3.269 seconds (process running for 5.029)
2026-10-03T12:23:46.359-03:00  INFO 7328 --- [steamx-backend] [main] a.c.s.i.videos.VideosIntegrationTest     : Starting VideosIntegrationTest using Java 21.0.10 with PID 7328 (started by ivans in C:\Users\ivans\Desktop\padre-projects\Streaming-Video-Back-End)
2026-10-03T12:23:46.361-03:00  INFO 7328 --- [steamx-backend] [main] a.c.s.i.videos.VideosIntegrationTest     : No active profile set, falling back to 1 default profile: "default"
2026-10-03T12:23:49.007-03:00  INFO 7328 --- [steamx-backend] [main] o.s.b.t.m.w.SpringBootMockServletContext : Initializing Spring TestDispatcherServlet ''
2026-10-03T12:23:49.007-03:00  INFO 7328 --- [steamx-backend] [main] o.s.t.web.servlet.TestDispatcherServlet  : Initializing Servlet ''
2026-10-03T12:23:49.010-03:00  INFO 7328 --- [steamx-backend] [main] o.s.t.web.servlet.TestDispatcherServlet  : Completed initialization in 2 ms
2026-10-03T12:23:49.153-03:00  INFO 7328 --- [steamx-backend] [main] a.c.s.i.videos.VideosIntegrationTest     : Started VideosIntegrationTest in 3.303 seconds (process running for 5.083)
2026-10-03T12:29:31.367-03:00  INFO 23512 --- [steamx-backend] [main] a.c.s.i.videos.VideosIntegrationTest     : Starting VideosIntegrationTest using Java 21.0.10 with PID 23512 (started by ivans in C:\Users\ivans\Desktop\padre-projects\Streaming-Video-Back-End)
2026-10-03T12:29:31.369-03:00  INFO 23512 --- [steamx-backend] [main] a.c.s.i.videos.VideosIntegrationTest     : No active profile set, falling back to 1 default profile: "default"
2026-10-03T12:29:33.914-03:00  INFO 23512 --- [steamx-backend] [main] o.s.b.t.m.w.SpringBootMockServletContext : Initializing Spring TestDispatcherServlet ''
2026-10-03T12:29:33.914-03:00  INFO 23512 --- [steamx-backend] [main] o.s.t.web.servlet.TestDispatcherServlet  : Initializing Servlet ''
2026-10-03T12:29:33.916-03:00  INFO 23512 --- [steamx-backend] [main] o.s.t.web.servlet.TestDispatcherServlet  : Completed initialization in 2 ms
2026-10-03T12:29:34.057-03:00  INFO 23512 --- [steamx-backend] [main] a.c.s.i.videos.VideosIntegrationTest     : Started VideosIntegrationTest in 3.153 seconds (process running for 5.872)
2026-10-03T12:29:34.338-03:00  INFO 23512 --- [steamx-backend] [main] t.c.s.AnnotationConfigContextLoaderUtils : Could not detect default configuration classes for test class [api.core.streamx.integration.users.UsersIntegrationTest]: UsersIntegrationTest does not declare any static, non-private, non-final, nested classes annotated with @Configuration.
2026-10-03T12:29:34.406-03:00  INFO 23512 --- [steamx-backend] [main] .b.t.c.SpringBootTestContextBootstrapper : Found @SpringBootConfiguration api.core.streamx.StreamxApplication for test class api.core.streamx.integration.users.UsersIntegrationTest
2026-10-03T12:29:34.441-03:00  INFO 23512 --- [steamx-backend] [main] a.c.s.i.users.UsersIntegrationTest       : Starting UsersIntegrationTest using Java 21.0.10 with PID 23512 (started by ivans in C:\Users\ivans\Desktop\padre-projects\Streaming-Video-Back-End)
2026-10-03T12:29:34.441-03:00  INFO 23512 --- [steamx-backend] [main] a.c.s.i.users.UsersIntegrationTest       : No active profile set, falling back to 1 default profile: "default"
2026-10-03T12:29:34.872-03:00  INFO 23512 --- [steamx-backend] [main] o.s.b.t.m.w.SpringBootMockServletContext : Initializing Spring TestDispatcherServlet ''
2026-10-03T12:29:34.873-03:00  INFO 23512 --- [steamx-backend] [main] o.s.t.web.servlet.TestDispatcherServlet  : Initializing Servlet ''
2026-10-03T12:29:34.874-03:00  INFO 23512 --- [steamx-backend] [main] o.s.t.web.servlet.TestDispatcherServlet  : Completed initialization in 1 ms
2026-10-03T12:29:34.884-03:00  INFO 23512 --- [steamx-backend] [main] a.c.s.i.users.UsersIntegrationTest       : Started UsersIntegrationTest in 0.471 seconds (process running for 6.698)
2026-10-03T12:29:34.914-03:00  INFO 23512 --- [steamx-backend] [main] a.c.s.m.u.controller.UsersController     : Registering user with name: Goku, email: goku@capsulecorps.com
2026-10-03T12:29:34.932-03:00  INFO 23512 --- [steamx-backend] [main] a.c.s.m.u.controller.UsersController     : Followers requested by userID: 1
2026-10-03T12:29:34.966-03:00  INFO 23512 --- [steamx-backend] [main] t.c.s.AnnotationConfigContextLoaderUtils : Could not detect default configuration classes for test class [api.core.streamx.integration.category.CategoryControllerTest]: CategoryControllerTest does not declare any static, non-private, non-final, nested classes annotated with @Configuration.
2026-10-03T12:29:34.998-03:00  INFO 23512 --- [steamx-backend] [main] .b.t.c.SpringBootTestContextBootstrapper : Found @SpringBootConfiguration api.core.streamx.StreamxApplication for test class api.core.streamx.integration.category.CategoryControllerTest
2026-10-03T12:29:35.036-03:00  INFO 23512 --- [steamx-backend] [main] a.c.s.i.category.CategoryControllerTest  : Starting CategoryControllerTest using Java 21.0.10 with PID 23512 (started by ivans in C:\Users\ivans\Desktop\padre-projects\Streaming-Video-Back-End)
2026-10-03T12:29:35.037-03:00  INFO 23512 --- [steamx-backend] [main] a.c.s.i.category.CategoryControllerTest  : No active profile set, falling back to 1 default profile: "default"
2026-10-03T12:29:35.479-03:00  INFO 23512 --- [steamx-backend] [main] o.s.b.t.m.w.SpringBootMockServletContext : Initializing Spring TestDispatcherServlet ''
2026-10-03T12:29:35.480-03:00  INFO 23512 --- [steamx-backend] [main] o.s.t.web.servlet.TestDispatcherServlet  : Initializing Servlet ''
2026-10-03T12:29:35.481-03:00  INFO 23512 --- [steamx-backend] [main] o.s.t.web.servlet.TestDispatcherServlet  : Completed initialization in 1 ms
2026-10-03T12:29:35.487-03:00  INFO 23512 --- [steamx-backend] [main] a.c.s.i.category.CategoryControllerTest  : Started CategoryControllerTest in 0.485 seconds (process running for 7.303)
